<pre><code class="undefined">bar;</code></pre>

<pre><code class="js"><span class="hljs-keyword">var</span> foo = bar;</code></pre>