---
description: Page with multiple metadata blocks
---
Page with multiple metadata blocks